EN my_aes NULL C:/Rajeev/Lab9a/pcores/my_aes_v1_00_a/hdl/vhdl/my_aes.vhd sub00/vhpl02 1400398946
AR user_logic imp C:/Rajeev/Lab9a/pcores/my_aes_v1_00_a/hdl/vhdl/user_logic.vhd sub00/vhpl01 1400398945
EN user_logic NULL C:/Rajeev/Lab9a/pcores/my_aes_v1_00_a/hdl/vhdl/user_logic.vhd sub00/vhpl00 1400398944
AR my_aes imp C:/Rajeev/Lab9a/pcores/my_aes_v1_00_a/hdl/vhdl/my_aes.vhd sub00/vhpl03 1400398947
