V3 14
FL C:/Rajeev/Lab9a/pcores/my_aes_v1_00_a/devl/projnav/../../hdl/vhdl/my_aes.vhd 2014/05/18.02:49:22 P.49d
FL C:/Rajeev/Lab9a/pcores/my_aes_v1_00_a/devl/projnav/../../hdl/vhdl/user_logic.vhd 2014/05/06.17:42:29 P.49d
FL C:/Rajeev/Lab9a/pcores/my_aes_v1_00_a/hdl/vhdl/my_aes.vhd 2014/05/18.02:49:22 P.49d
EN my_aes_v1_00_a/my_aes 1400398946 \
      FL C:/Rajeev/Lab9a/pcores/my_aes_v1_00_a/hdl/vhdl/my_aes.vhd \
      PB ieee/std_logic_1164 1354696159 PB ieee/std_logic_arith 1354696160 \
      PB ieee/STD_LOGIC_UNSIGNED 1354696162 LB proc_common_v3_00_a \
      PB proc_common_v3_00_a/proc_common_pkg 1400398921 \
      PB proc_common_v3_00_a/ipif_pkg 1400398933 LB plbv46_slave_single_v1_01_a \
      EN plbv46_slave_single_v1_01_a/plbv46_slave_single 1400398942 \
      LB my_aes_v1_00_a EN my_aes_v1_00_a/user_logic 1400398944
AR my_aes_v1_00_a/my_aes/IMP 1400398947 \
      FL C:/Rajeev/Lab9a/pcores/my_aes_v1_00_a/hdl/vhdl/my_aes.vhd \
      EN my_aes_v1_00_a/my_aes 1400398946 \
      CP plbv46_slave_single_v1_01_a/plbv46_slave_single \
      CP my_aes_v1_00_a/user_logic
FL C:/Rajeev/Lab9a/pcores/my_aes_v1_00_a/hdl/vhdl/user_logic.vhd 2014/05/06.17:42:29 P.49d
EN my_aes_v1_00_a/user_logic 1400398944 \
      FL C:/Rajeev/Lab9a/pcores/my_aes_v1_00_a/hdl/vhdl/user_logic.vhd \
      PB ieee/std_logic_1164 1354696159 PB ieee/std_logic_arith 1354696160 \
      PB ieee/STD_LOGIC_UNSIGNED 1354696162 LB proc_common_v3_00_a \
      PB proc_common_v3_00_a/proc_common_pkg 1400398921
AR my_aes_v1_00_a/user_logic/IMP 1400398945 \
      FL C:/Rajeev/Lab9a/pcores/my_aes_v1_00_a/hdl/vhdl/user_logic.vhd \
      EN my_aes_v1_00_a/user_logic 1400398944 CP AES_component
