V3 41
FL C:/Rajeev/Lab9a/pcores/my_aes_v1_00_a/devl/projnav/../../../../../../Xilinx/14.2/ISE_DS/EDK/hw/XilinxProcessorIPLib/pcores/proc_common_v3_00_a/hdl/vhdl/counter_f.vhd 2012/07/16.04:35:04 P.49d
FL C:/Rajeev/Lab9a/pcores/my_aes_v1_00_a/devl/projnav/../../../../../../Xilinx/14.2/ISE_DS/EDK/hw/XilinxProcessorIPLib/pcores/proc_common_v3_00_a/hdl/vhdl/family_support.vhd 2012/07/16.04:35:05 P.49d
FL C:/Rajeev/Lab9a/pcores/my_aes_v1_00_a/devl/projnav/../../../../../../Xilinx/14.2/ISE_DS/EDK/hw/XilinxProcessorIPLib/pcores/proc_common_v3_00_a/hdl/vhdl/ipif_pkg.vhd 2012/07/16.04:35:05 P.49d
FL C:/Rajeev/Lab9a/pcores/my_aes_v1_00_a/devl/projnav/../../../../../../Xilinx/14.2/ISE_DS/EDK/hw/XilinxProcessorIPLib/pcores/proc_common_v3_00_a/hdl/vhdl/or_gate128.vhd 2012/07/16.04:35:05 P.49d
FL C:/Rajeev/Lab9a/pcores/my_aes_v1_00_a/devl/projnav/../../../../../../Xilinx/14.2/ISE_DS/EDK/hw/XilinxProcessorIPLib/pcores/proc_common_v3_00_a/hdl/vhdl/or_muxcy.vhd 2012/07/16.04:35:05 P.49d
FL C:/Rajeev/Lab9a/pcores/my_aes_v1_00_a/devl/projnav/../../../../../../Xilinx/14.2/ISE_DS/EDK/hw/XilinxProcessorIPLib/pcores/proc_common_v3_00_a/hdl/vhdl/proc_common_pkg.vhd 2012/07/16.04:35:05 P.49d
PH proc_common_v3_00_a/proc_common_pkg 1400399959 \
      FL C:/Rajeev/Lab9a/pcores/my_aes_v1_00_a/devl/projnav/../../../../../../Xilinx/14.2/ISE_DS/EDK/hw/XilinxProcessorIPLib/pcores/proc_common_v3_00_a/hdl/vhdl/proc_common_pkg.vhd \
      PB ieee/std_logic_1164 1354696159 PB ieee/std_logic_arith 1354696160 \
      PB ieee/STD_LOGIC_UNSIGNED 1354696162
PB proc_common_v3_00_a/proc_common_pkg 1400399960 \
      FL C:/Rajeev/Lab9a/pcores/my_aes_v1_00_a/devl/projnav/../../../../../../Xilinx/14.2/ISE_DS/EDK/hw/XilinxProcessorIPLib/pcores/proc_common_v3_00_a/hdl/vhdl/proc_common_pkg.vhd \
      PH proc_common_v3_00_a/proc_common_pkg 1400399959
FL C:/Rajeev/Lab9a/pcores/my_aes_v1_00_a/devl/projnav/../../../../../../Xilinx/14.2/ISE_DS/EDK/hw/XilinxProcessorIPLib/pcores/proc_common_v3_00_a/hdl/vhdl/pselect_f.vhd 2012/07/16.04:35:05 P.49d
FL C:/Xilinx/14.2/ISE_DS/EDK/hw/XilinxProcessorIPLib/pcores/proc_common_v3_00_a/hdl/vhdl/counter_f.vhd 2012/07/16.04:35:04 P.49d
EN proc_common_v3_00_a/counter_f 1400398926 \
      FL C:/Xilinx/14.2/ISE_DS/EDK/hw/XilinxProcessorIPLib/pcores/proc_common_v3_00_a/hdl/vhdl/counter_f.vhd \
      PB ieee/std_logic_1164 1354696159 PB ieee/NUMERIC_STD 1354696164 LB unisim \
      LB proc_common_v3_00_a PB proc_common_v3_00_a/family_support 1400398925
AR proc_common_v3_00_a/counter_f/imp 1400398927 \
      FL C:/Xilinx/14.2/ISE_DS/EDK/hw/XilinxProcessorIPLib/pcores/proc_common_v3_00_a/hdl/vhdl/counter_f.vhd \
      EN proc_common_v3_00_a/counter_f 1400398926 CP std_logic_vector CP std_logic \
      CP MUXCY_L CP XORCY CP FDRE CP unsigned
FL C:/Xilinx/14.2/ISE_DS/EDK/hw/XilinxProcessorIPLib/pcores/proc_common_v3_00_a/hdl/vhdl/family_support.vhd 2012/07/16.04:35:05 P.49d
PH proc_common_v3_00_a/family_support 1400398924 \
      FL C:/Xilinx/14.2/ISE_DS/EDK/hw/XilinxProcessorIPLib/pcores/proc_common_v3_00_a/hdl/vhdl/family_support.vhd
PB proc_common_v3_00_a/family_support 1400398925 \
      FL C:/Xilinx/14.2/ISE_DS/EDK/hw/XilinxProcessorIPLib/pcores/proc_common_v3_00_a/hdl/vhdl/family_support.vhd \
      PH proc_common_v3_00_a/family_support 1400398924
FL C:/Xilinx/14.2/ISE_DS/EDK/hw/XilinxProcessorIPLib/pcores/proc_common_v3_00_a/hdl/vhdl/ipif_pkg.vhd 2012/07/16.04:35:05 P.49d
PH proc_common_v3_00_a/ipif_pkg 1400398932 \
      FL C:/Xilinx/14.2/ISE_DS/EDK/hw/XilinxProcessorIPLib/pcores/proc_common_v3_00_a/hdl/vhdl/ipif_pkg.vhd \
      PB ieee/std_logic_1164 1354696159 PB ieee/std_logic_arith 1354696160 \
      PB ieee/STD_LOGIC_UNSIGNED 1354696162
PB proc_common_v3_00_a/ipif_pkg 1400398933 \
      FL C:/Xilinx/14.2/ISE_DS/EDK/hw/XilinxProcessorIPLib/pcores/proc_common_v3_00_a/hdl/vhdl/ipif_pkg.vhd \
      PH proc_common_v3_00_a/ipif_pkg 1400398932 LB proc_common_v3_00_a \
      PB proc_common_v3_00_a/proc_common_pkg 1400399960
FL C:/Xilinx/14.2/ISE_DS/EDK/hw/XilinxProcessorIPLib/pcores/proc_common_v3_00_a/hdl/vhdl/or_gate128.vhd 2012/07/16.04:35:05 P.49d
EN proc_common_v3_00_a/or_gate128 1400398930 \
      FL C:/Xilinx/14.2/ISE_DS/EDK/hw/XilinxProcessorIPLib/pcores/proc_common_v3_00_a/hdl/vhdl/or_gate128.vhd \
      PB ieee/std_logic_1164 1354696159 PB ieee/std_logic_arith 1354696160 \
      PB ieee/STD_LOGIC_UNSIGNED 1354696162 LB proc_common_v3_00_a
AR proc_common_v3_00_a/or_gate128/imp 1400398931 \
      FL C:/Xilinx/14.2/ISE_DS/EDK/hw/XilinxProcessorIPLib/pcores/proc_common_v3_00_a/hdl/vhdl/or_gate128.vhd \
      EN proc_common_v3_00_a/or_gate128 1400398930 CP std_logic_vector CP or_muxcy
FL C:/Xilinx/14.2/ISE_DS/EDK/hw/XilinxProcessorIPLib/pcores/proc_common_v3_00_a/hdl/vhdl/or_muxcy.vhd 2012/07/16.04:35:05 P.49d
EN proc_common_v3_00_a/or_muxcy 1400398922 \
      FL C:/Xilinx/14.2/ISE_DS/EDK/hw/XilinxProcessorIPLib/pcores/proc_common_v3_00_a/hdl/vhdl/or_muxcy.vhd \
      PB ieee/std_logic_1164 1354696159 LB unisim
AR proc_common_v3_00_a/or_muxcy/implementation 1400398923 \
      FL C:/Xilinx/14.2/ISE_DS/EDK/hw/XilinxProcessorIPLib/pcores/proc_common_v3_00_a/hdl/vhdl/or_muxcy.vhd \
      EN proc_common_v3_00_a/or_muxcy 1400398922 CP std_logic_vector CP MUXCY
FL C:/Xilinx/14.2/ISE_DS/EDK/hw/XilinxProcessorIPLib/pcores/proc_common_v3_00_a/hdl/vhdl/proc_common_pkg.vhd 2012/07/16.04:35:05 P.49d
FL C:/Xilinx/14.2/ISE_DS/EDK/hw/XilinxProcessorIPLib/pcores/proc_common_v3_00_a/hdl/vhdl/pselect_f.vhd 2012/07/16.04:35:05 P.49d
EN proc_common_v3_00_a/pselect_f 1400398928 \
      FL C:/Xilinx/14.2/ISE_DS/EDK/hw/XilinxProcessorIPLib/pcores/proc_common_v3_00_a/hdl/vhdl/pselect_f.vhd \
      PB ieee/std_logic_1164 1354696159 LB unisim LB proc_common_v3_00_a \
      PB proc_common_v3_00_a/family_support 1400398925
AR proc_common_v3_00_a/pselect_f/imp 1400398929 \
      FL C:/Xilinx/14.2/ISE_DS/EDK/hw/XilinxProcessorIPLib/pcores/proc_common_v3_00_a/hdl/vhdl/pselect_f.vhd \
      EN proc_common_v3_00_a/pselect_f 1400398928 CP integer CP std_logic_vector \
      CP natural CP positive CP MUXCY
