
**** Build of configuration Debug for project Hardware_gprof ****

make all 
Building file: ../src/PLB46S_addrmap.c
Invoking: MicroBlaze gcc compiler
mb-gcc -Wall -O0 -g3 -pg -c -fmessage-length=0 -Wl,--no-relax -I../../standalone_bsp_1/microblaze_0/include -mxl-barrel-shift -mxl-pattern-compare -mcpu=v8.40.a -mno-xl-soft-mul -MMD -MP -MF"src/PLB46S_addrmap.d" -MT"src/PLB46S_addrmap.d" -o"src/PLB46S_addrmap.o" "../src/PLB46S_addrmap.c"
cygwin warning:
  MS-DOS style path detected: C:\Users\pi4810\Desktop\Lab6_1\sdk_space\Hardware_gprof\Debug
  Preferred POSIX equivalent is: /cygdrive/c/Users/pi4810/Desktop/Lab6_1/sdk_space/Hardware_gprof/Debug
  CYGWIN environment variable option "nodosfilewarning" turns off this warning.
  Consult the user's guide for more details about POSIX paths:
    http://cygwin.com/cygwin-ug-net/using.html#using-pathnames
Finished building: ../src/PLB46S_addrmap.c
 
Building file: ../src/SDK_hw_AES.c
Invoking: MicroBlaze gcc compiler
mb-gcc -Wall -O0 -g3 -pg -c -fmessage-length=0 -Wl,--no-relax -I../../standalone_bsp_1/microblaze_0/include -mxl-barrel-shift -mxl-pattern-compare -mcpu=v8.40.a -mno-xl-soft-mul -MMD -MP -MF"src/SDK_hw_AES.d" -MT"src/SDK_hw_AES.d" -o"src/SDK_hw_AES.o" "../src/SDK_hw_AES.c"
cygwin warning:
  MS-DOS style path detected: C:\Users\pi4810\Desktop\Lab6_1\sdk_space\Hardware_gprof\Debug
  Preferred POSIX equivalent is: /cygdrive/c/Users/pi4810/Desktop/Lab6_1/sdk_space/Hardware_gprof/Debug
  CYGWIN environment variable option "nodosfilewarning" turns off this warning.
  Consult the user's guide for more details about POSIX paths:
    http://cygwin.com/cygwin-ug-net/using.html#using-pathnames
Finished building: ../src/SDK_hw_AES.c
 
Building file: ../src/platform.c
Invoking: MicroBlaze gcc compiler
mb-gcc -Wall -O0 -g3 -pg -c -fmessage-length=0 -Wl,--no-relax -I../../standalone_bsp_1/microblaze_0/include -mxl-barrel-shift -mxl-pattern-compare -mcpu=v8.40.a -mno-xl-soft-mul -MMD -MP -MF"src/platform.d" -MT"src/platform.d" -o"src/platform.o" "../src/platform.c"
cygwin warning:
  MS-DOS style path detected: C:\Users\pi4810\Desktop\Lab6_1\sdk_space\Hardware_gprof\Debug
  Preferred POSIX equivalent is: /cygdrive/c/Users/pi4810/Desktop/Lab6_1/sdk_space/Hardware_gprof/Debug
  CYGWIN environment variable option "nodosfilewarning" turns off this warning.
  Consult the user's guide for more details about POSIX paths:
    http://cygwin.com/cygwin-ug-net/using.html#using-pathnames
Finished building: ../src/platform.c
 
Building target: Hardware_gprof.elf
Invoking: MicroBlaze gcc linker
mb-gcc -Wl,--no-relax -Wl,-T -Wl,../src/lscript.ld -pg -L../../standalone_bsp_1/microblaze_0/lib -mxl-barrel-shift -mxl-pattern-compare -mcpu=v8.40.a -mno-xl-soft-mul -o"Hardware_gprof.elf"  ./src/PLB46S_addrmap.o ./src/SDK_hw_AES.o ./src/platform.o   -Wl,--start-group,-lxil,-lgcc,-lc,--end-group
cygwin warning:
  MS-DOS style path detected: C:\Users\pi4810\Desktop\Lab6_1\sdk_space\Hardware_gprof\Debug
  Preferred POSIX equivalent is: /cygdrive/c/Users/pi4810/Desktop/Lab6_1/sdk_space/Hardware_gprof/Debug
  CYGWIN environment variable option "nodosfilewarning" turns off this warning.
  Consult the user's guide for more details about POSIX paths:
    http://cygwin.com/cygwin-ug-net/using.html#using-pathnames
Finished building target: Hardware_gprof.elf
 
Invoking: MicroBlaze Print Size
mb-size Hardware_gprof.elf  |tee "Hardware_gprof.elf.size"
cygwin warning:
  MS-DOS style path detected: C:\Users\pi4810\Desktop\Lab6_1\sdk_space\Hardware_gprof\Debug
  Preferred POSIX equivalent is: /cygdrive/c/Users/pi4810/Desktop/Lab6_1/sdk_space/Hardware_gprof/Debug
  CYGWIN environment variable option "nodosfilewarning" turns off this warning.
  Consult the user's guide for more details about POSIX paths:
    http://cygwin.com/cygwin-ug-net/using.html#using-pathnames
   text	   data	    bss	    dec	    hex	filename
   5254	    544	   2096	   7894	   1ed6	Hardware_gprof.elf
Finished building: Hardware_gprof.elf.size
 
Invoking: Xilinx ELF Check
elfcheck Hardware_gprof.elf -hw ../../xps_workspace_hw_platform/system.xml -pe microblaze_0  |tee "Hardware_gprof.elf.elfcheck"
cygwin warning:
  MS-DOS style path detected: C:\Users\pi4810\Desktop\Lab6_1\sdk_space\Hardware_gprof\Debug
  Preferred POSIX equivalent is: /cygdrive/c/Users/pi4810/Desktop/Lab6_1/sdk_space/Hardware_gprof/Debug
  CYGWIN environment variable option "nodosfilewarning" turns off this warning.
  Consult the user's guide for more details about POSIX paths:
    http://cygwin.com/cygwin-ug-net/using.html#using-pathnames
elfcheck
Xilinx EDK 14.2 Build EDK_P.28xd
Copyright (c) 1995-2012 Xilinx, Inc.  All rights reserved.

Command Line: elfcheck -hw ../../xps_workspace_hw_platform/system.xml -pe
microblaze_0 Hardware_gprof.elf 

ELF file	: Hardware_gprof.elf
elfcheck passed.
Finished building: Hardware_gprof.elf.elfcheck
 
