V3 24
FL C:/Rajeev/Lab9a/pcores/my_aes_v1_00_a/devl/projnav/../../../../../../Xilinx/14.2/ISE_DS/EDK/hw/XilinxProcessorIPLib/pcores/plbv46_slave_single_v1_01_a/hdl/vhdl/plbv46_slave_single.vhd 2012/07/16.04:35:02 P.49d
FL C:/Rajeev/Lab9a/pcores/my_aes_v1_00_a/devl/projnav/../../../../../../Xilinx/14.2/ISE_DS/EDK/hw/XilinxProcessorIPLib/pcores/plbv46_slave_single_v1_01_a/hdl/vhdl/plb_address_decoder.vhd 2012/07/16.04:35:02 P.49d
FL C:/Rajeev/Lab9a/pcores/my_aes_v1_00_a/devl/projnav/../../../../../../Xilinx/14.2/ISE_DS/EDK/hw/XilinxProcessorIPLib/pcores/plbv46_slave_single_v1_01_a/hdl/vhdl/plb_slave_attachment.vhd 2012/07/16.04:35:02 P.49d
FL C:/Xilinx/14.2/ISE_DS/EDK/hw/XilinxProcessorIPLib/pcores/plbv46_slave_single_v1_01_a/hdl/vhdl/plbv46_slave_single.vhd 2012/07/16.04:35:02 P.49d
EN plbv46_slave_single_v1_01_a/plbv46_slave_single 1400398942 \
      FL C:/Xilinx/14.2/ISE_DS/EDK/hw/XilinxProcessorIPLib/pcores/plbv46_slave_single_v1_01_a/hdl/vhdl/plbv46_slave_single.vhd \
      PB ieee/std_logic_1164 1354696159 PB ieee/STD_LOGIC_UNSIGNED 1354696162 \
      PB ieee/NUMERIC_STD 1354696164 PB ieee/std_logic_misc 1354696160 \
      LB proc_common_v3_00_a PB proc_common_v3_00_a/proc_common_pkg 1400398921 \
      PB proc_common_v3_00_a/family_support 1400398925 \
      PB proc_common_v3_00_a/ipif_pkg 1400398933 \
      EN proc_common_v3_00_a/or_gate128 1400398930 LB unisim PH unisim/VCOMPONENTS 1354696165 \
      LB plbv46_slave_single_v1_01_a
AR plbv46_slave_single_v1_01_a/plbv46_slave_single/implementation 1400398943 \
      FL C:/Xilinx/14.2/ISE_DS/EDK/hw/XilinxProcessorIPLib/pcores/plbv46_slave_single_v1_01_a/hdl/vhdl/plbv46_slave_single.vhd \
      EN plbv46_slave_single_v1_01_a/plbv46_slave_single 1400398942 \
      CP std_logic_vector CP plbv46_slave_single_v1_01_a/plb_slave_attachment
FL C:/Xilinx/14.2/ISE_DS/EDK/hw/XilinxProcessorIPLib/pcores/plbv46_slave_single_v1_01_a/hdl/vhdl/plb_address_decoder.vhd 2012/07/16.04:35:02 P.49d
EN plbv46_slave_single_v1_01_a/plb_address_decoder 1400398934 \
      FL C:/Xilinx/14.2/ISE_DS/EDK/hw/XilinxProcessorIPLib/pcores/plbv46_slave_single_v1_01_a/hdl/vhdl/plb_address_decoder.vhd \
      PB ieee/std_logic_1164 1354696159 PB ieee/NUMERIC_STD 1354696164 \
      LB proc_common_v3_00_a PB proc_common_v3_00_a/proc_common_pkg 1400398921 \
      EN proc_common_v3_00_a/pselect_f 1400398928 \
      EN proc_common_v3_00_a/or_gate128 1400398930 \
      PB proc_common_v3_00_a/ipif_pkg 1400398933 \
      PB proc_common_v3_00_a/family_support 1400398925 LB unisim \
      PH unisim/VCOMPONENTS 1354696165
AR plbv46_slave_single_v1_01_a/plb_address_decoder/IMP 1400398935 \
      FL C:/Xilinx/14.2/ISE_DS/EDK/hw/XilinxProcessorIPLib/pcores/plbv46_slave_single_v1_01_a/hdl/vhdl/plb_address_decoder.vhd \
      EN plbv46_slave_single_v1_01_a/plb_address_decoder 1400398934 CP integer \
      CP std_logic_vector CP proc_common_v3_00_a/pselect_f \
      CP proc_common_v3_00_a/or_gate128
FL C:/Xilinx/14.2/ISE_DS/EDK/hw/XilinxProcessorIPLib/pcores/plbv46_slave_single_v1_01_a/hdl/vhdl/plb_slave_attachment.vhd 2012/07/16.04:35:02 P.49d
EN plbv46_slave_single_v1_01_a/plb_slave_attachment 1400398940 \
      FL C:/Xilinx/14.2/ISE_DS/EDK/hw/XilinxProcessorIPLib/pcores/plbv46_slave_single_v1_01_a/hdl/vhdl/plb_slave_attachment.vhd \
      PB ieee/std_logic_1164 1354696159 PB ieee/NUMERIC_STD 1354696164 \
      PB ieee/STD_LOGIC_UNSIGNED 1354696162 PB ieee/std_logic_misc 1354696160 \
      LB proc_common_v3_00_a PB proc_common_v3_00_a/proc_common_pkg 1400398921 \
      PB proc_common_v3_00_a/ipif_pkg 1400398933 \
      PB proc_common_v3_00_a/family_support 1400398925 \
      EN proc_common_v3_00_a/counter_f 1400398926 LB unisim PH unisim/VCOMPONENTS 1354696165 \
      LB plbv46_slave_single_v1_01_a
AR plbv46_slave_single_v1_01_a/plb_slave_attachment/implementation 1400398941 \
      FL C:/Xilinx/14.2/ISE_DS/EDK/hw/XilinxProcessorIPLib/pcores/plbv46_slave_single_v1_01_a/hdl/vhdl/plb_slave_attachment.vhd \
      EN plbv46_slave_single_v1_01_a/plb_slave_attachment 1400398940 CP std_logic \
      CP std_logic_vector CP plbv46_slave_single_v1_01_a/plb_address_decoder \
      CP PLB_ADDR_CNTRL_STATES CP integer CP proc_common_v3_00_a/counter_f
