AR sbox_mem beh C:/Rajeev/Lab9a/pcores/my_aes_v1_00_a/devl/projnav/aes_component.vhd sub00/vhpl01 1400398937
AR aes_component behavioral C:/Rajeev/Lab9a/pcores/my_aes_v1_00_a/devl/projnav/aes_component.vhd sub00/vhpl03 1400398939
EN aes_component NULL C:/Rajeev/Lab9a/pcores/my_aes_v1_00_a/devl/projnav/aes_component.vhd sub00/vhpl02 1400398938
EN sbox_mem NULL C:/Rajeev/Lab9a/pcores/my_aes_v1_00_a/devl/projnav/aes_component.vhd sub00/vhpl00 1400398936
