V3 7
FL C:/Rajeev/Lab9a/pcores/my_aes_v1_00_a/devl/projnav/aes_component.vhd 2014/05/06.17:42:28 P.49d
EN work/SBOX_MEM 1400398936 \
      FL C:/Rajeev/Lab9a/pcores/my_aes_v1_00_a/devl/projnav/aes_component.vhd \
      PB ieee/std_logic_1164 1354696159
AR work/SBOX_MEM/beh 1400398937 \
      FL C:/Rajeev/Lab9a/pcores/my_aes_v1_00_a/devl/projnav/aes_component.vhd \
      EN work/SBOX_MEM 1400398936
EN work/AES_component 1400398938 \
      FL C:/Rajeev/Lab9a/pcores/my_aes_v1_00_a/devl/projnav/aes_component.vhd \
      PB ieee/std_logic_1164 1354696159 PB ieee/STD_LOGIC_UNSIGNED 1354696162 \
      LB proc_common_v3_00_a PB proc_common_v3_00_a/proc_common_pkg 1400398921
AR work/AES_component/Behavioral 1400398939 \
      FL C:/Rajeev/Lab9a/pcores/my_aes_v1_00_a/devl/projnav/aes_component.vhd \
      EN work/AES_component 1400398938 CP SBOX_MEM
